ARM Linker, 4.1 [Build 481] [Professional]

==============================================================================

Section Cross References

    stm32f10x_it.o(i.USART1_IRQHandler) refers to stm32f10x_usart.o(i.USART_GetITStatus) for USART_GetITStatus
    stm32f10x_it.o(i.USART1_IRQHandler) refers to stm32f10x_usart.o(i.USART_ReceiveData) for USART_ReceiveData
    stm32f10x_it.o(i.USART1_IRQHandler) refers to stm32f10x_usart.o(i.USART_ITConfig) for USART_ITConfig
    stm32f10x_it.o(i.USART1_IRQHandler) refers to stm32f10x_usart.o(i.USART_SendData) for USART_SendData
    stm32f10x_it.o(i.USART1_IRQHandler) refers to main.o(.data) for RxCounter1
    stm32f10x_it.o(i.USART1_IRQHandler) refers to main.o(.bss) for RxBuffer1
    stm32f10x_it.o(i.USART1_IRQHandler) refers to main.o(.data) for NbrOfDataToRead1
    stm32f10x_it.o(i.USART1_IRQHandler) refers to main.o(.data) for TxCounter1
    stm32f10x_it.o(i.USART1_IRQHandler) refers to main.o(.data) for NbrOfDataToTransfer1
    stm32f10x_it.o(i.USART2_IRQHandler) refers to stm32f10x_usart.o(i.USART_GetITStatus) for USART_GetITStatus
    stm32f10x_it.o(i.USART2_IRQHandler) refers to stm32f10x_usart.o(i.USART_ReceiveData) for USART_ReceiveData
    stm32f10x_it.o(i.USART2_IRQHandler) refers to stm32f10x_usart.o(i.USART_ITConfig) for USART_ITConfig
    stm32f10x_it.o(i.USART2_IRQHandler) refers to stm32f10x_usart.o(i.USART_SendData) for USART_SendData
    stm32f10x_it.o(i.USART2_IRQHandler) refers to main.o(.data) for RxCounter2
    stm32f10x_it.o(i.USART2_IRQHandler) refers to main.o(.bss) for RxBuffer2
    stm32f10x_it.o(i.USART2_IRQHandler) refers to main.o(.data) for NbrOfDataToRead1
    stm32f10x_it.o(i.USART2_IRQHandler) refers to main.o(.data) for TxCounter2
    stm32f10x_it.o(i.USART2_IRQHandler) refers to main.o(.data) for NbrOfDataToTransfer2
    main.o(i.GPIO_Configuration) refers to stm32f10x_gpio.o(i.GPIO_Init) for GPIO_Init
    main.o(i.NVIC_Configuration) refers to misc.o(i.NVIC_PriorityGroupConfig) for NVIC_PriorityGroupConfig
    main.o(i.NVIC_Configuration) refers to misc.o(i.NVIC_Init) for NVIC_Init
    main.o(i.RCC_Configuration) refers to stm32f10x_rcc.o(i.RCC_APB2PeriphClockCmd) for RCC_APB2PeriphClockCmd
    main.o(i.RCC_Configuration) refers to stm32f10x_rcc.o(i.RCC_APB1PeriphClockCmd) for RCC_APB1PeriphClockCmd
    main.o(i.main) refers to main.o(i.RCC_Configuration) for RCC_Configuration
    main.o(i.main) refers to main.o(i.NVIC_Configuration) for NVIC_Configuration
    main.o(i.main) refers to main.o(i.GPIO_Configuration) for GPIO_Configuration
    main.o(i.main) refers to stm32f10x_gpio.o(i.GPIO_SetBits) for GPIO_SetBits
    main.o(i.main) refers to stm32f10x_usart.o(i.USART_Init) for USART_Init
    main.o(i.main) refers to stm32f10x_usart.o(i.USART_ITConfig) for USART_ITConfig
    main.o(i.main) refers to stm32f10x_usart.o(i.USART_Cmd) for USART_Cmd
    main.o(i.main) refers to main.o(i.Buffercmp) for Buffercmp
    main.o(i.main) refers to stm32f10x_gpio.o(i.GPIO_ResetBits) for GPIO_ResetBits
    main.o(i.main) refers to main.o(.bss) for .bss
    main.o(i.main) refers to main.o(.data) for .data
    stm32f10x_rcc.o(i.RCC_GetClocksFreq) refers to stm32f10x_rcc.o(.data) for .data
    stm32f10x_rcc.o(i.RCC_WaitForHSEStartUp) refers to stm32f10x_rcc.o(i.RCC_GetFlagStatus) for RCC_GetFlagStatus
    stm32f10x_gpio.o(i.GPIO_AFIODeInit) refers to stm32f10x_rcc.o(i.RCC_APB2PeriphResetCmd) for RCC_APB2PeriphResetCmd
    stm32f10x_gpio.o(i.GPIO_DeInit) refers to stm32f10x_rcc.o(i.RCC_APB2PeriphResetCmd) for RCC_APB2PeriphResetCmd
    stm32f10x_spi.o(i.I2S_Init) refers to stm32f10x_rcc.o(i.RCC_GetClocksFreq) for RCC_GetClocksFreq
    stm32f10x_spi.o(i.SPI_I2S_DeInit) refers to stm32f10x_rcc.o(i.RCC_APB2PeriphResetCmd) for RCC_APB2PeriphResetCmd
    stm32f10x_spi.o(i.SPI_I2S_DeInit) refers to stm32f10x_rcc.o(i.RCC_APB1PeriphResetCmd) for RCC_APB1PeriphResetCmd
    stm32f10x_usart.o(i.USART_DeInit) refers to stm32f10x_rcc.o(i.RCC_APB2PeriphResetCmd) for RCC_APB2PeriphResetCmd
    stm32f10x_usart.o(i.USART_DeInit) refers to stm32f10x_rcc.o(i.RCC_APB1PeriphResetCmd) for RCC_APB1PeriphResetCmd
    stm32f10x_usart.o(i.USART_Init) refers to stm32f10x_rcc.o(i.RCC_GetClocksFreq) for RCC_GetClocksFreq
    stm32f10x_i2c.o(i.I2C_DeInit) refers to stm32f10x_rcc.o(i.RCC_APB1PeriphResetCmd) for RCC_APB1PeriphResetCmd
    stm32f10x_i2c.o(i.I2C_Init) refers to stm32f10x_rcc.o(i.RCC_GetClocksFreq) for RCC_GetClocksFreq
    system_stm32f10x.o(i.SystemCoreClockUpdate) refers to system_stm32f10x.o(.data) for .data
    system_stm32f10x.o(i.SystemInit) refers to system_stm32f10x.o(i.SetSysClockTo72) for SetSysClockTo72
    stm32_eval.o(i.LM75_LowLevel_DeInit) refers to stm32f10x_i2c.o(i.I2C_Cmd) for I2C_Cmd
    stm32_eval.o(i.LM75_LowLevel_DeInit) refers to stm32f10x_i2c.o(i.I2C_DeInit) for I2C_DeInit
    stm32_eval.o(i.LM75_LowLevel_DeInit) refers to stm32f10x_rcc.o(i.RCC_APB1PeriphClockCmd) for RCC_APB1PeriphClockCmd
    stm32_eval.o(i.LM75_LowLevel_DeInit) refers to stm32f10x_gpio.o(i.GPIO_Init) for GPIO_Init
    stm32_eval.o(i.LM75_LowLevel_Init) refers to stm32f10x_rcc.o(i.RCC_APB1PeriphClockCmd) for RCC_APB1PeriphClockCmd
    stm32_eval.o(i.LM75_LowLevel_Init) refers to stm32f10x_rcc.o(i.RCC_APB2PeriphClockCmd) for RCC_APB2PeriphClockCmd
    stm32_eval.o(i.LM75_LowLevel_Init) refers to stm32f10x_gpio.o(i.GPIO_Init) for GPIO_Init
    stm32_eval.o(i.SD_LowLevel_DMA_RxConfig) refers to stm32f10x_dma.o(i.DMA_ClearFlag) for DMA_ClearFlag
    stm32_eval.o(i.SD_LowLevel_DMA_RxConfig) refers to stm32f10x_dma.o(i.DMA_Cmd) for DMA_Cmd
    stm32_eval.o(i.SD_LowLevel_DMA_RxConfig) refers to stm32f10x_dma.o(i.DMA_Init) for DMA_Init
    stm32_eval.o(i.SD_LowLevel_DMA_TxConfig) refers to stm32f10x_dma.o(i.DMA_ClearFlag) for DMA_ClearFlag
    stm32_eval.o(i.SD_LowLevel_DMA_TxConfig) refers to stm32f10x_dma.o(i.DMA_Cmd) for DMA_Cmd
    stm32_eval.o(i.SD_LowLevel_DMA_TxConfig) refers to stm32f10x_dma.o(i.DMA_Init) for DMA_Init
    stm32_eval.o(i.SD_LowLevel_DeInit) refers to stm32f10x_sdio.o(i.SDIO_ClockCmd) for SDIO_ClockCmd
    stm32_eval.o(i.SD_LowLevel_DeInit) refers to stm32f10x_sdio.o(i.SDIO_SetPowerState) for SDIO_SetPowerState
    stm32_eval.o(i.SD_LowLevel_DeInit) refers to stm32f10x_sdio.o(i.SDIO_DeInit) for SDIO_DeInit
    stm32_eval.o(i.SD_LowLevel_DeInit) refers to stm32f10x_rcc.o(i.RCC_AHBPeriphClockCmd) for RCC_AHBPeriphClockCmd
    stm32_eval.o(i.SD_LowLevel_DeInit) refers to stm32f10x_gpio.o(i.GPIO_Init) for GPIO_Init
    stm32_eval.o(i.SD_LowLevel_Init) refers to stm32f10x_rcc.o(i.RCC_APB2PeriphClockCmd) for RCC_APB2PeriphClockCmd
    stm32_eval.o(i.SD_LowLevel_Init) refers to stm32f10x_gpio.o(i.GPIO_Init) for GPIO_Init
    stm32_eval.o(i.SD_LowLevel_Init) refers to stm32f10x_rcc.o(i.RCC_AHBPeriphClockCmd) for RCC_AHBPeriphClockCmd
    stm32_eval.o(i.SD_WaitForDMAEndOfTransfer) refers to stm32f10x_dma.o(i.DMA_GetFlagStatus) for DMA_GetFlagStatus
    stm32_eval.o(i.STM_EVAL_COMInit) refers to stm32f10x_rcc.o(i.RCC_APB2PeriphClockCmd) for RCC_APB2PeriphClockCmd
    stm32_eval.o(i.STM_EVAL_COMInit) refers to stm32f10x_rcc.o(i.RCC_APB1PeriphClockCmd) for RCC_APB1PeriphClockCmd
    stm32_eval.o(i.STM_EVAL_COMInit) refers to stm32f10x_gpio.o(i.GPIO_Init) for GPIO_Init
    stm32_eval.o(i.STM_EVAL_COMInit) refers to stm32f10x_usart.o(i.USART_Init) for USART_Init
    stm32_eval.o(i.STM_EVAL_COMInit) refers to stm32f10x_usart.o(i.USART_Cmd) for USART_Cmd
    stm32_eval.o(i.STM_EVAL_COMInit) refers to stm32_eval.o(.constdata) for .constdata
    stm32_eval.o(i.STM_EVAL_COMInit) refers to stm32_eval.o(.data) for .data
    stm32_eval.o(i.STM_EVAL_LEDInit) refers to stm32f10x_rcc.o(i.RCC_APB2PeriphClockCmd) for RCC_APB2PeriphClockCmd
    stm32_eval.o(i.STM_EVAL_LEDInit) refers to stm32f10x_gpio.o(i.GPIO_Init) for GPIO_Init
    stm32_eval.o(i.STM_EVAL_LEDInit) refers to stm32_eval.o(.constdata) for .constdata
    stm32_eval.o(i.STM_EVAL_LEDInit) refers to stm32_eval.o(.data) for .data
    stm32_eval.o(i.STM_EVAL_LEDOff) refers to stm32_eval.o(.constdata) for .constdata
    stm32_eval.o(i.STM_EVAL_LEDOff) refers to stm32_eval.o(.data) for .data
    stm32_eval.o(i.STM_EVAL_LEDOn) refers to stm32_eval.o(.constdata) for .constdata
    stm32_eval.o(i.STM_EVAL_LEDOn) refers to stm32_eval.o(.data) for .data
    stm32_eval.o(i.STM_EVAL_LEDToggle) refers to stm32_eval.o(.data) for .data
    stm32_eval.o(i.STM_EVAL_LEDToggle) refers to stm32_eval.o(.constdata) for .constdata
    stm32_eval.o(i.STM_EVAL_PBGetState) refers to stm32f10x_gpio.o(i.GPIO_ReadInputDataBit) for GPIO_ReadInputDataBit
    stm32_eval.o(i.STM_EVAL_PBGetState) refers to stm32_eval.o(.constdata) for .constdata
    stm32_eval.o(i.STM_EVAL_PBGetState) refers to stm32_eval.o(.data) for .data
    stm32_eval.o(i.STM_EVAL_PBInit) refers to stm32f10x_rcc.o(i.RCC_APB2PeriphClockCmd) for RCC_APB2PeriphClockCmd
    stm32_eval.o(i.STM_EVAL_PBInit) refers to stm32f10x_gpio.o(i.GPIO_Init) for GPIO_Init
    stm32_eval.o(i.STM_EVAL_PBInit) refers to stm32f10x_gpio.o(i.GPIO_EXTILineConfig) for GPIO_EXTILineConfig
    stm32_eval.o(i.STM_EVAL_PBInit) refers to stm32f10x_exti.o(i.EXTI_Init) for EXTI_Init
    stm32_eval.o(i.STM_EVAL_PBInit) refers to misc.o(i.NVIC_Init) for NVIC_Init
    stm32_eval.o(i.STM_EVAL_PBInit) refers to stm32_eval.o(.constdata) for .constdata
    stm32_eval.o(i.STM_EVAL_PBInit) refers to stm32_eval.o(.data) for .data
    stm32_eval.o(i.sFLASH_LowLevel_DeInit) refers to stm32f10x_spi.o(i.SPI_Cmd) for SPI_Cmd
    stm32_eval.o(i.sFLASH_LowLevel_DeInit) refers to stm32f10x_spi.o(i.SPI_I2S_DeInit) for SPI_I2S_DeInit
    stm32_eval.o(i.sFLASH_LowLevel_DeInit) refers to stm32f10x_rcc.o(i.RCC_APB2PeriphClockCmd) for RCC_APB2PeriphClockCmd
    stm32_eval.o(i.sFLASH_LowLevel_DeInit) refers to stm32f10x_gpio.o(i.GPIO_Init) for GPIO_Init
    stm32_eval.o(i.sFLASH_LowLevel_Init) refers to stm32f10x_rcc.o(i.RCC_APB2PeriphClockCmd) for RCC_APB2PeriphClockCmd
    stm32_eval.o(i.sFLASH_LowLevel_Init) refers to stm32f10x_gpio.o(i.GPIO_Init) for GPIO_Init
    startup_stm32f10x_xl.o(RESET) refers to startup_stm32f10x_xl.o(STACK) for __initial_sp
    startup_stm32f10x_xl.o(RESET) refers to startup_stm32f10x_xl.o(.text) for Reset_Handler
    startup_stm32f10x_xl.o(RESET) refers to stm32f10x_it.o(i.NMI_Handler) for NMI_Handler
    startup_stm32f10x_xl.o(RESET) refers to stm32f10x_it.o(i.HardFault_Handler) for HardFault_Handler
    startup_stm32f10x_xl.o(RESET) refers to stm32f10x_it.o(i.MemManage_Handler) for MemManage_Handler
    startup_stm32f10x_xl.o(RESET) refers to stm32f10x_it.o(i.BusFault_Handler) for BusFault_Handler
    startup_stm32f10x_xl.o(RESET) refers to stm32f10x_it.o(i.UsageFault_Handler) for UsageFault_Handler
    startup_stm32f10x_xl.o(RESET) refers to stm32f10x_it.o(i.SVC_Handler) for SVC_Handler
    startup_stm32f10x_xl.o(RESET) refers to stm32f10x_it.o(i.DebugMon_Handler) for DebugMon_Handler
    startup_stm32f10x_xl.o(RESET) refers to stm32f10x_it.o(i.PendSV_Handler) for PendSV_Handler
    startup_stm32f10x_xl.o(RESET) refers to stm32f10x_it.o(i.SysTick_Handler) for SysTick_Handler
    startup_stm32f10x_xl.o(RESET) refers to stm32f10x_it.o(i.USART1_IRQHandler) for USART1_IRQHandler
    startup_stm32f10x_xl.o(RESET) refers to stm32f10x_it.o(i.USART2_IRQHandler) for USART2_IRQHandler
    startup_stm32f10x_xl.o(.text) refers to system_stm32f10x.o(i.SystemInit) for SystemInit
    startup_stm32f10x_xl.o(.text) refers to entry.o(.ARM.Collect$$$$00000000) for __main
    entry.o(.ARM.Collect$$$$00000000) refers (Special) to entry7.o(.ARM.Collect$$$$00000007) for _main_init
    entry.o(.ARM.Collect$$$$00000000) refers (Special) to entry5.o(.ARM.Collect$$$$00000004) for _main_scatterload
    entry.o(.ARM.Collect$$$$00000000) refers (Special) to entry2.o(.ARM.Collect$$$$00000001) for _main_stk
    entry2.o(.ARM.Collect$$$$00000001) refers to entry2.o(.ARM.Collect$$$$00002712) for __lit__00000000
    entry2.o(.ARM.Collect$$$$00002712) refers to startup_stm32f10x_xl.o(STACK) for __initial_sp
    entry2.o(__vectab_stack_and_reset_area) refers to startup_stm32f10x_xl.o(STACK) for __initial_sp
    entry2.o(__vectab_stack_and_reset_area) refers to entry.o(.ARM.Collect$$$$00000000) for __main
    entry5.o(.ARM.Collect$$$$00000004) refers to init.o(.text) for __scatterload
    entry7.o(.ARM.Collect$$$$00000007) refers to main.o(i.main) for main
    init.o(.text) refers to entry5.o(.ARM.Collect$$$$00000004) for __main_after_scatterload


==============================================================================

Removing Unused input sections from the image.

    Removing main.o(.data), (1 bytes).
    Removing main.o(.data), (4 bytes).
    Removing stm32f10x_rcc.o(i.RCC_ADCCLKConfig), (20 bytes).
    Removing stm32f10x_rcc.o(i.RCC_AHBPeriphClockCmd), (24 bytes).
    Removing stm32f10x_rcc.o(i.RCC_APB1PeriphResetCmd), (24 bytes).
    Removing stm32f10x_rcc.o(i.RCC_APB2PeriphResetCmd), (24 bytes).
    Removing stm32f10x_rcc.o(i.RCC_AdjustHSICalibrationValue), (20 bytes).
    Removing stm32f10x_rcc.o(i.RCC_BackupResetCmd), (12 bytes).
    Removing stm32f10x_rcc.o(i.RCC_ClearFlag), (16 bytes).
    Removing stm32f10x_rcc.o(i.RCC_ClearITPendingBit), (12 bytes).
    Removing stm32f10x_rcc.o(i.RCC_ClockSecuritySystemCmd), (12 bytes).
    Removing stm32f10x_rcc.o(i.RCC_DeInit), (64 bytes).
    Removing stm32f10x_rcc.o(i.RCC_GetFlagStatus), (48 bytes).
    Removing stm32f10x_rcc.o(i.RCC_GetITStatus), (20 bytes).
    Removing stm32f10x_rcc.o(i.RCC_GetSYSCLKSource), (16 bytes).
    Removing stm32f10x_rcc.o(i.RCC_HCLKConfig), (20 bytes).
    Removing stm32f10x_rcc.o(i.RCC_HSEConfig), (52 bytes).
    Removing stm32f10x_rcc.o(i.RCC_HSICmd), (12 bytes).
    Removing stm32f10x_rcc.o(i.RCC_ITConfig), (24 bytes).
    Removing stm32f10x_rcc.o(i.RCC_LSEConfig), (32 bytes).
    Removing stm32f10x_rcc.o(i.RCC_LSICmd), (12 bytes).
    Removing stm32f10x_rcc.o(i.RCC_MCOConfig), (12 bytes).
    Removing stm32f10x_rcc.o(i.RCC_PCLK1Config), (20 bytes).
    Removing stm32f10x_rcc.o(i.RCC_PCLK2Config), (20 bytes).
    Removing stm32f10x_rcc.o(i.RCC_PLLCmd), (12 bytes).
    Removing stm32f10x_rcc.o(i.RCC_PLLConfig), (20 bytes).
    Removing stm32f10x_rcc.o(i.RCC_RTCCLKCmd), (12 bytes).
    Removing stm32f10x_rcc.o(i.RCC_RTCCLKConfig), (16 bytes).
    Removing stm32f10x_rcc.o(i.RCC_SYSCLKConfig), (20 bytes).
    Removing stm32f10x_rcc.o(i.RCC_USBCLKConfig), (12 bytes).
    Removing stm32f10x_rcc.o(i.RCC_WaitForHSEStartUp), (38 bytes).
    Removing stm32f10x_gpio.o(i.GPIO_AFIODeInit), (22 bytes).
    Removing stm32f10x_gpio.o(i.GPIO_DeInit), (180 bytes).
    Removing stm32f10x_gpio.o(i.GPIO_ETH_MediaInterfaceConfig), (12 bytes).
    Removing stm32f10x_gpio.o(i.GPIO_EXTILineConfig), (40 bytes).
    Removing stm32f10x_gpio.o(i.GPIO_EventOutputCmd), (12 bytes).
    Removing stm32f10x_gpio.o(i.GPIO_EventOutputConfig), (28 bytes).
    Removing stm32f10x_gpio.o(i.GPIO_PinLockConfig), (16 bytes).
    Removing stm32f10x_gpio.o(i.GPIO_PinRemapConfig), (88 bytes).
    Removing stm32f10x_gpio.o(i.GPIO_ReadInputData), (6 bytes).
    Removing stm32f10x_gpio.o(i.GPIO_ReadInputDataBit), (14 bytes).
    Removing stm32f10x_gpio.o(i.GPIO_ReadOutputData), (6 bytes).
    Removing stm32f10x_gpio.o(i.GPIO_ReadOutputDataBit), (14 bytes).
    Removing stm32f10x_gpio.o(i.GPIO_StructInit), (16 bytes).
    Removing stm32f10x_gpio.o(i.GPIO_Write), (4 bytes).
    Removing stm32f10x_gpio.o(i.GPIO_WriteBit), (10 bytes).
    Removing misc.o(i.NVIC_SetVectorTable), (20 bytes).
    Removing misc.o(i.NVIC_SystemLPConfig), (24 bytes).
    Removing misc.o(i.SysTick_CLKSourceConfig), (24 bytes).
    Removing stm32f10x_exti.o(i.EXTI_ClearFlag), (12 bytes).
    Removing stm32f10x_exti.o(i.EXTI_ClearITPendingBit), (12 bytes).
    Removing stm32f10x_exti.o(i.EXTI_DeInit), (28 bytes).
    Removing stm32f10x_exti.o(i.EXTI_GenerateSWInterrupt), (16 bytes).
    Removing stm32f10x_exti.o(i.EXTI_GetFlagStatus), (20 bytes).
    Removing stm32f10x_exti.o(i.EXTI_GetITStatus), (32 bytes).
    Removing stm32f10x_exti.o(i.EXTI_Init), (132 bytes).
    Removing stm32f10x_exti.o(i.EXTI_StructInit), (14 bytes).
    Removing stm32f10x_spi.o(i.I2S_Cmd), (20 bytes).
    Removing stm32f10x_spi.o(i.I2S_Init), (146 bytes).
    Removing stm32f10x_spi.o(i.I2S_StructInit), (18 bytes).
    Removing stm32f10x_spi.o(i.SPI_BiDirectionalLineConfig), (22 bytes).
    Removing stm32f10x_spi.o(i.SPI_CalculateCRC), (20 bytes).
    Removing stm32f10x_spi.o(i.SPI_Cmd), (20 bytes).
    Removing stm32f10x_spi.o(i.SPI_DataSizeConfig), (16 bytes).
    Removing stm32f10x_spi.o(i.SPI_GetCRC), (12 bytes).
    Removing stm32f10x_spi.o(i.SPI_GetCRCPolynomial), (4 bytes).
    Removing stm32f10x_spi.o(i.SPI_I2S_ClearFlag), (6 bytes).
    Removing stm32f10x_spi.o(i.SPI_I2S_ClearITPendingBit), (14 bytes).
    Removing stm32f10x_spi.o(i.SPI_I2S_DMACmd), (16 bytes).
    Removing stm32f10x_spi.o(i.SPI_I2S_DeInit), (84 bytes).
    Removing stm32f10x_spi.o(i.SPI_I2S_GetFlagStatus), (14 bytes).
    Removing stm32f10x_spi.o(i.SPI_I2S_GetITStatus), (42 bytes).
    Removing stm32f10x_spi.o(i.SPI_I2S_ITConfig), (24 bytes).
    Removing stm32f10x_spi.o(i.SPI_I2S_ReceiveData), (4 bytes).
    Removing stm32f10x_spi.o(i.SPI_I2S_SendData), (4 bytes).
    Removing stm32f10x_spi.o(i.SPI_Init), (56 bytes).
    Removing stm32f10x_spi.o(i.SPI_NSSInternalSoftwareConfig), (24 bytes).
    Removing stm32f10x_spi.o(i.SPI_SSOutputCmd), (20 bytes).
    Removing stm32f10x_spi.o(i.SPI_StructInit), (24 bytes).
    Removing stm32f10x_spi.o(i.SPI_TransmitCRC), (10 bytes).
    Removing stm32f10x_fsmc.o(i.FSMC_ClearFlag), (42 bytes).
    Removing stm32f10x_fsmc.o(i.FSMC_ClearITPendingBit), (44 bytes).
    Removing stm32f10x_fsmc.o(i.FSMC_GetECC), (18 bytes).
    Removing stm32f10x_fsmc.o(i.FSMC_GetFlagStatus), (40 bytes).
    Removing stm32f10x_fsmc.o(i.FSMC_GetITStatus), (48 bytes).
    Removing stm32f10x_fsmc.o(i.FSMC_ITConfig), (80 bytes).
    Removing stm32f10x_fsmc.o(i.FSMC_NANDCmd), (56 bytes).
    Removing stm32f10x_fsmc.o(i.FSMC_NANDDeInit), (40 bytes).
    Removing stm32f10x_fsmc.o(i.FSMC_NANDECCCmd), (56 bytes).
    Removing stm32f10x_fsmc.o(i.FSMC_NANDInit), (100 bytes).
    Removing stm32f10x_fsmc.o(i.FSMC_NANDStructInit), (54 bytes).
    Removing stm32f10x_fsmc.o(i.FSMC_NORSRAMCmd), (32 bytes).
    Removing stm32f10x_fsmc.o(i.FSMC_NORSRAMDeInit), (36 bytes).
    Removing stm32f10x_fsmc.o(i.FSMC_NORSRAMInit), (188 bytes).
    Removing stm32f10x_fsmc.o(i.FSMC_NORSRAMStructInit), (96 bytes).
    Removing stm32f10x_fsmc.o(i.FSMC_PCCARDCmd), (32 bytes).
    Removing stm32f10x_fsmc.o(i.FSMC_PCCARDDeInit), (28 bytes).
    Removing stm32f10x_fsmc.o(i.FSMC_PCCARDInit), (112 bytes).
    Removing stm32f10x_fsmc.o(i.FSMC_PCCARDStructInit), (60 bytes).
    Removing stm32f10x_usart.o(i.USART_ClearFlag), (6 bytes).
    Removing stm32f10x_usart.o(i.USART_ClearITPendingBit), (12 bytes).
    Removing stm32f10x_usart.o(i.USART_ClockInit), (30 bytes).
    Removing stm32f10x_usart.o(i.USART_ClockStructInit), (12 bytes).
    Removing stm32f10x_usart.o(i.USART_DMACmd), (16 bytes).
    Removing stm32f10x_usart.o(i.USART_DeInit), (116 bytes).
    Removing stm32f10x_usart.o(i.USART_GetFlagStatus), (14 bytes).
    Removing stm32f10x_usart.o(i.USART_HalfDuplexCmd), (20 bytes).
    Removing stm32f10x_usart.o(i.USART_IrDACmd), (20 bytes).
    Removing stm32f10x_usart.o(i.USART_IrDAConfig), (16 bytes).
    Removing stm32f10x_usart.o(i.USART_LINBreakDetectLengthConfig), (16 bytes).
    Removing stm32f10x_usart.o(i.USART_LINCmd), (20 bytes).
    Removing stm32f10x_usart.o(i.USART_OneBitMethodCmd), (20 bytes).
    Removing stm32f10x_usart.o(i.USART_OverSampling8Cmd), (20 bytes).
    Removing stm32f10x_usart.o(i.USART_ReceiverWakeUpCmd), (20 bytes).
    Removing stm32f10x_usart.o(i.USART_SendBreak), (10 bytes).
    Removing stm32f10x_usart.o(i.USART_SetAddress), (16 bytes).
    Removing stm32f10x_usart.o(i.USART_SetGuardTime), (16 bytes).
    Removing stm32f10x_usart.o(i.USART_SetPrescaler), (16 bytes).
    Removing stm32f10x_usart.o(i.USART_SmartCardCmd), (20 bytes).
    Removing stm32f10x_usart.o(i.USART_SmartCardNACKCmd), (20 bytes).
    Removing stm32f10x_usart.o(i.USART_StructInit), (22 bytes).
    Removing stm32f10x_usart.o(i.USART_WakeUpConfig), (16 bytes).
    Removing stm32f10x_sdio.o(i.SDIO_CEATAITCmd), (16 bytes).
    Removing stm32f10x_sdio.o(i.SDIO_ClearFlag), (12 bytes).
    Removing stm32f10x_sdio.o(i.SDIO_ClearITPendingBit), (12 bytes).
    Removing stm32f10x_sdio.o(i.SDIO_ClockCmd), (12 bytes).
    Removing stm32f10x_sdio.o(i.SDIO_CmdStructInit), (14 bytes).
    Removing stm32f10x_sdio.o(i.SDIO_CommandCompletionCmd), (12 bytes).
    Removing stm32f10x_sdio.o(i.SDIO_DMACmd), (12 bytes).
    Removing stm32f10x_sdio.o(i.SDIO_DataConfig), (44 bytes).
    Removing stm32f10x_sdio.o(i.SDIO_DataStructInit), (20 bytes).
    Removing stm32f10x_sdio.o(i.SDIO_DeInit), (36 bytes).
    Removing stm32f10x_sdio.o(i.SDIO_GetCommandResponse), (12 bytes).
    Removing stm32f10x_sdio.o(i.SDIO_GetDataCounter), (12 bytes).
    Removing stm32f10x_sdio.o(i.SDIO_GetFIFOCount), (12 bytes).
    Removing stm32f10x_sdio.o(i.SDIO_GetFlagStatus), (20 bytes).
    Removing stm32f10x_sdio.o(i.SDIO_GetITStatus), (20 bytes).
    Removing stm32f10x_sdio.o(i.SDIO_GetPowerState), (16 bytes).
    Removing stm32f10x_sdio.o(i.SDIO_GetResponse), (12 bytes).
    Removing stm32f10x_sdio.o(i.SDIO_ITConfig), (24 bytes).
    Removing stm32f10x_sdio.o(i.SDIO_Init), (44 bytes).
    Removing stm32f10x_sdio.o(i.SDIO_ReadData), (12 bytes).
    Removing stm32f10x_sdio.o(i.SDIO_SendCEATACmd), (12 bytes).
    Removing stm32f10x_sdio.o(i.SDIO_SendCommand), (40 bytes).
    Removing stm32f10x_sdio.o(i.SDIO_SendSDIOSuspendCmd), (12 bytes).
    Removing stm32f10x_sdio.o(i.SDIO_SetPowerState), (24 bytes).
    Removing stm32f10x_sdio.o(i.SDIO_SetSDIOOperation), (12 bytes).
    Removing stm32f10x_sdio.o(i.SDIO_SetSDIOReadWaitMode), (12 bytes).
    Removing stm32f10x_sdio.o(i.SDIO_StartSDIOReadWait), (12 bytes).
    Removing stm32f10x_sdio.o(i.SDIO_StopSDIOReadWait), (12 bytes).
    Removing stm32f10x_sdio.o(i.SDIO_StructInit), (16 bytes).
    Removing stm32f10x_sdio.o(i.SDIO_WriteData), (12 bytes).
    Removing stm32f10x_dma.o(i.DMA_ClearFlag), (20 bytes).
    Removing stm32f10x_dma.o(i.DMA_ClearITPendingBit), (20 bytes).
    Removing stm32f10x_dma.o(i.DMA_Cmd), (20 bytes).
    Removing stm32f10x_dma.o(i.DMA_DeInit), (236 bytes).
    Removing stm32f10x_dma.o(i.DMA_GetCurrDataCounter), (6 bytes).
    Removing stm32f10x_dma.o(i.DMA_GetFlagStatus), (32 bytes).
    Removing stm32f10x_dma.o(i.DMA_GetITStatus), (32 bytes).
    Removing stm32f10x_dma.o(i.DMA_ITConfig), (16 bytes).
    Removing stm32f10x_dma.o(i.DMA_Init), (58 bytes).
    Removing stm32f10x_dma.o(i.DMA_StructInit), (26 bytes).
    Removing stm32f10x_i2c.o(i.I2C_ARPCmd), (20 bytes).
    Removing stm32f10x_i2c.o(i.I2C_AcknowledgeConfig), (20 bytes).
    Removing stm32f10x_i2c.o(i.I2C_CalculatePEC), (20 bytes).
    Removing stm32f10x_i2c.o(i.I2C_CheckEvent), (24 bytes).
    Removing stm32f10x_i2c.o(i.I2C_ClearFlag), (6 bytes).
    Removing stm32f10x_i2c.o(i.I2C_ClearITPendingBit), (6 bytes).
    Removing stm32f10x_i2c.o(i.I2C_Cmd), (20 bytes).
    Removing stm32f10x_i2c.o(i.I2C_DMACmd), (20 bytes).
    Removing stm32f10x_i2c.o(i.I2C_DMALastTransferCmd), (20 bytes).
    Removing stm32f10x_i2c.o(i.I2C_DeInit), (44 bytes).
    Removing stm32f10x_i2c.o(i.I2C_DualAddressCmd), (20 bytes).
    Removing stm32f10x_i2c.o(i.I2C_FastModeDutyCycleConfig), (22 bytes).
    Removing stm32f10x_i2c.o(i.I2C_GeneralCallCmd), (20 bytes).
    Removing stm32f10x_i2c.o(i.I2C_GenerateSTART), (20 bytes).
    Removing stm32f10x_i2c.o(i.I2C_GenerateSTOP), (20 bytes).
    Removing stm32f10x_i2c.o(i.I2C_GetFlagStatus), (30 bytes).
    Removing stm32f10x_i2c.o(i.I2C_GetITStatus), (32 bytes).
    Removing stm32f10x_i2c.o(i.I2C_GetLastEvent), (14 bytes).
    Removing stm32f10x_i2c.o(i.I2C_GetPEC), (6 bytes).
    Removing stm32f10x_i2c.o(i.I2C_ITConfig), (16 bytes).
    Removing stm32f10x_i2c.o(i.I2C_Init), (184 bytes).
    Removing stm32f10x_i2c.o(i.I2C_OwnAddress2Config), (16 bytes).
    Removing stm32f10x_i2c.o(i.I2C_PECPositionConfig), (22 bytes).
    Removing stm32f10x_i2c.o(i.I2C_ReadRegister), (4 bytes).
    Removing stm32f10x_i2c.o(i.I2C_ReceiveData), (6 bytes).
    Removing stm32f10x_i2c.o(i.I2C_SMBusAlertConfig), (22 bytes).
    Removing stm32f10x_i2c.o(i.I2C_Send7bitAddress), (16 bytes).
    Removing stm32f10x_i2c.o(i.I2C_SendData), (4 bytes).
    Removing stm32f10x_i2c.o(i.I2C_SoftwareResetCmd), (20 bytes).
    Removing stm32f10x_i2c.o(i.I2C_StretchClockCmd), (20 bytes).
    Removing stm32f10x_i2c.o(i.I2C_StructInit), (28 bytes).
    Removing stm32f10x_i2c.o(i.I2C_TransmitPEC), (20 bytes).
    Removing core_cm3.o(.emb_text), (32 bytes).
    Removing system_stm32f10x.o(i.SystemCoreClockUpdate), (100 bytes).
    Removing system_stm32f10x.o(.data), (20 bytes).
    Removing stm32_eval.o(i.LM75_LowLevel_DeInit), (88 bytes).
    Removing stm32_eval.o(i.LM75_LowLevel_Init), (88 bytes).
    Removing stm32_eval.o(i.SD_LowLevel_DMA_RxConfig), (92 bytes).
    Removing stm32_eval.o(i.SD_LowLevel_DMA_TxConfig), (96 bytes).
    Removing stm32_eval.o(i.SD_LowLevel_DeInit), (72 bytes).
    Removing stm32_eval.o(i.SD_LowLevel_Init), (104 bytes).
    Removing stm32_eval.o(i.SD_WaitForDMAEndOfTransfer), (20 bytes).
    Removing stm32_eval.o(i.STM_EVAL_COMInit), (164 bytes).
    Removing stm32_eval.o(i.STM_EVAL_LEDInit), (64 bytes).
    Removing stm32_eval.o(i.STM_EVAL_LEDOff), (24 bytes).
    Removing stm32_eval.o(i.STM_EVAL_LEDOn), (24 bytes).
    Removing stm32_eval.o(i.STM_EVAL_LEDToggle), (28 bytes).
    Removing stm32_eval.o(i.STM_EVAL_PBGetState), (24 bytes).
    Removing stm32_eval.o(i.STM_EVAL_PBInit), (164 bytes).
    Removing stm32_eval.o(i.sFLASH_LowLevel_DeInit), (104 bytes).
    Removing stm32_eval.o(i.sFLASH_LowLevel_Init), (104 bytes).
    Removing stm32_eval.o(.constdata), (168 bytes).
    Removing stm32_eval.o(.data), (72 bytes).
    Removing startup_stm32f10x_xl.o(HEAP), (512 bytes).

216 unused section(s) (total 7659 bytes) removed from the image.

==============================================================================

Image Symbol Table

    Local Symbols

    Symbol Name                              Value     Ov Type        Size  Object(Section)

    ../../microlib/init/entry.s              0x00000000   Number         0  entry7.o ABSOLUTE
    ../../microlib/init/entry.s              0x00000000   Number         0  entry5.o ABSOLUTE
    ../../microlib/init/entry.s              0x00000000   Number         0  entry2.o ABSOLUTE
    ../../microlib/init/entry.s              0x00000000   Number         0  entry.o ABSOLUTE
    ..\..\..\Libraries\CMSIS\CM3\CoreSupport\core_cm3.c 0x00000000   Number         0  core_cm3.o ABSOLUTE
    ..\..\..\Libraries\CMSIS\CM3\DeviceSupport\ST\STM32F10x\startup\arm\startup_stm32f10x_xl.s 0x00000000   Number         0  startup_stm32f10x_xl.o ABSOLUTE
    ..\..\..\Libraries\CMSIS\CM3\DeviceSupport\ST\STM32F10x\system_stm32f10x.c 0x00000000   Number         0  system_stm32f10x.o ABSOLUTE
    ..\..\..\Libraries\STM32F10x_StdPeriph_Driver\src\misc.c 0x00000000   Number         0  misc.o ABSOLUTE
    ..\..\..\Libraries\STM32F10x_StdPeriph_Driver\src\stm32f10x_dma.c 0x00000000   Number         0  stm32f10x_dma.o ABSOLUTE
    ..\..\..\Libraries\STM32F10x_StdPeriph_Driver\src\stm32f10x_exti.c 0x00000000   Number         0  stm32f10x_exti.o ABSOLUTE
    ..\..\..\Libraries\STM32F10x_StdPeriph_Driver\src\stm32f10x_fsmc.c 0x00000000   Number         0  stm32f10x_fsmc.o ABSOLUTE
    ..\..\..\Libraries\STM32F10x_StdPeriph_Driver\src\stm32f10x_gpio.c 0x00000000   Number         0  stm32f10x_gpio.o ABSOLUTE
    ..\..\..\Libraries\STM32F10x_StdPeriph_Driver\src\stm32f10x_i2c.c 0x00000000   Number         0  stm32f10x_i2c.o ABSOLUTE
    ..\..\..\Libraries\STM32F10x_StdPeriph_Driver\src\stm32f10x_rcc.c 0x00000000   Number         0  stm32f10x_rcc.o ABSOLUTE
    ..\..\..\Libraries\STM32F10x_StdPeriph_Driver\src\stm32f10x_sdio.c 0x00000000   Number         0  stm32f10x_sdio.o ABSOLUTE
    ..\..\..\Libraries\STM32F10x_StdPeriph_Driver\src\stm32f10x_spi.c 0x00000000   Number         0  stm32f10x_spi.o ABSOLUTE
    ..\..\..\Libraries\STM32F10x_StdPeriph_Driver\src\stm32f10x_usart.c 0x00000000   Number         0  stm32f10x_usart.o ABSOLUTE
    ..\..\..\Utilities\STM32_EVAL\stm32_eval.c 0x00000000   Number         0  stm32_eval.o ABSOLUTE
    ..\\..\\..\\Libraries\\CMSIS\\CM3\\CoreSupport\\core_cm3.c 0x00000000   Number         0  core_cm3.o ABSOLUTE
    ..\main.c                                0x00000000   Number         0  main.o ABSOLUTE
    ..\stm32f10x_it.c                        0x00000000   Number         0  stm32f10x_it.o ABSOLUTE
    dc.s                                     0x00000000   Number         0  dc.o ABSOLUTE
    handlers.s                               0x00000000   Number         0  handlers.o ABSOLUTE
    init.s                                   0x00000000   Number         0  init.o ABSOLUTE
    RESET                                    0x08000000   Section      304  startup_stm32f10x_xl.o(RESET)
    .ARM.Collect$$$$00000000                 0x08000130   Section        0  entry.o(.ARM.Collect$$$$00000000)
    .ARM.Collect$$$$00000001                 0x08000130   Section        4  entry2.o(.ARM.Collect$$$$00000001)
    .ARM.Collect$$$$00000004                 0x08000134   Section        4  entry5.o(.ARM.Collect$$$$00000004)
    .ARM.Collect$$$$00000007                 0x08000138   Section        8  entry7.o(.ARM.Collect$$$$00000007)
    .ARM.Collect$$$$00002712                 0x08000140   Section        4  entry2.o(.ARM.Collect$$$$00002712)
    __lit__00000000                          0x08000140   Data           4  entry2.o(.ARM.Collect$$$$00002712)
    .text                                    0x08000144   Section       36  startup_stm32f10x_xl.o(.text)
    .text                                    0x08000168   Section       36  init.o(.text)
    i.Buffercmp                              0x0800018c   Section        0  main.o(i.Buffercmp)
    i.BusFault_Handler                       0x080001ae   Section        0  stm32f10x_it.o(i.BusFault_Handler)
    i.DebugMon_Handler                       0x080001b0   Section        0  stm32f10x_it.o(i.DebugMon_Handler)
    i.GPIO_Configuration                     0x080001b4   Section        0  main.o(i.GPIO_Configuration)
    i.GPIO_Init                              0x08000228   Section        0  stm32f10x_gpio.o(i.GPIO_Init)
    i.GPIO_ResetBits                         0x080002cc   Section        0  stm32f10x_gpio.o(i.GPIO_ResetBits)
    i.GPIO_SetBits                           0x080002d0   Section        0  stm32f10x_gpio.o(i.GPIO_SetBits)
    i.HardFault_Handler                      0x080002d4   Section        0  stm32f10x_it.o(i.HardFault_Handler)
    i.MemManage_Handler                      0x080002d6   Section        0  stm32f10x_it.o(i.MemManage_Handler)
    i.NMI_Handler                            0x080002d8   Section        0  stm32f10x_it.o(i.NMI_Handler)
    i.NVIC_Configuration                     0x080002da   Section        0  main.o(i.NVIC_Configuration)
    i.NVIC_Init                              0x08000312   Section        0  misc.o(i.NVIC_Init)
    i.NVIC_PriorityGroupConfig               0x08000370   Section        0  misc.o(i.NVIC_PriorityGroupConfig)
    i.PendSV_Handler                         0x08000384   Section        0  stm32f10x_it.o(i.PendSV_Handler)
    i.RCC_APB1PeriphClockCmd                 0x08000388   Section        0  stm32f10x_rcc.o(i.RCC_APB1PeriphClockCmd)
    i.RCC_APB2PeriphClockCmd                 0x080003a0   Section        0  stm32f10x_rcc.o(i.RCC_APB2PeriphClockCmd)
    i.RCC_Configuration                      0x080003b8   Section        0  main.o(i.RCC_Configuration)
    i.RCC_GetClocksFreq                      0x080003e0   Section        0  stm32f10x_rcc.o(i.RCC_GetClocksFreq)
    i.SVC_Handler                            0x08000478   Section        0  stm32f10x_it.o(i.SVC_Handler)
    i.SetSysClockTo72                        0x0800047c   Section        0  system_stm32f10x.o(i.SetSysClockTo72)
    SetSysClockTo72                          0x0800047d   Thumb Code   136  system_stm32f10x.o(i.SetSysClockTo72)
    i.SysTick_Handler                        0x0800050c   Section        0  stm32f10x_it.o(i.SysTick_Handler)
    i.SystemInit                             0x08000510   Section        0  system_stm32f10x.o(i.SystemInit)
    i.USART1_IRQHandler                      0x08000550   Section        0  stm32f10x_it.o(i.USART1_IRQHandler)
    i.USART2_IRQHandler                      0x080005e8   Section        0  stm32f10x_it.o(i.USART2_IRQHandler)
    i.USART_Cmd                              0x08000680   Section        0  stm32f10x_usart.o(i.USART_Cmd)
    i.USART_GetITStatus                      0x08000694   Section        0  stm32f10x_usart.o(i.USART_GetITStatus)
    i.USART_ITConfig                         0x080006d2   Section        0  stm32f10x_usart.o(i.USART_ITConfig)
    i.USART_Init                             0x08000704   Section        0  stm32f10x_usart.o(i.USART_Init)
    i.USART_ReceiveData                      0x080007b8   Section        0  stm32f10x_usart.o(i.USART_ReceiveData)
    i.USART_SendData                         0x080007c0   Section        0  stm32f10x_usart.o(i.USART_SendData)
    i.UsageFault_Handler                     0x080007c8   Section        0  stm32f10x_it.o(i.UsageFault_Handler)
    i.__scatterload_copy                     0x080007ca   Section       14  handlers.o(i.__scatterload_copy)
    i.__scatterload_null                     0x080007d8   Section        2  handlers.o(i.__scatterload_null)
    i.__scatterload_zeroinit                 0x080007da   Section       14  handlers.o(i.__scatterload_zeroinit)
    i.main                                   0x080007e8   Section        0  main.o(i.main)
    .data                                    0x20000000   Section       92  main.o(.data)
    .data                                    0x2000005c   Section        1  main.o(.data)
    .data                                    0x2000005d   Section        1  main.o(.data)
    .data                                    0x2000005e   Section        1  main.o(.data)
    .data                                    0x2000005f   Section        1  main.o(.data)
    .data                                    0x20000060   Section        1  main.o(.data)
    .data                                    0x20000061   Section       20  stm32f10x_rcc.o(.data)
    ADCPrescTable                            0x20000061   Data           4  stm32f10x_rcc.o(.data)
    APBAHBPrescTable                         0x20000065   Data          16  stm32f10x_rcc.o(.data)
    .bss                                     0x20000078   Section      102  main.o(.bss)
    STACK                                    0x200000e0   Section     1024  startup_stm32f10x_xl.o(STACK)

    Global Symbols

    Symbol Name                              Value     Ov Type        Size  Object(Section)

    BuildAttributes$$THM_ISAv4$P$D$K$B$S$PE$A:L22UL41UL21$X:L11$S22US41US21$IEEE1$IW$USESV6$~STKCKD$USESV7$~SHL$OSPACE$EBA8$MICROLIB$REQ8$PRES8$EABIv2 0x00000000   Number         0  anon$$obj.o ABSOLUTE
    __ARM_use_no_argv                        0x00000000   Number         0  main.o ABSOLUTE
    __decompress                              - Undefined Weak Reference
    __Vectors_Size                           0x00000130   Number         0  startup_stm32f10x_xl.o ABSOLUTE
    __Vectors                                0x08000000   Data           4  startup_stm32f10x_xl.o(RESET)
    __Vectors_End                            0x08000130   Data           0  startup_stm32f10x_xl.o(RESET)
    __main                                   0x08000131   Thumb Code     0  entry.o(.ARM.Collect$$$$00000000)
    _main_stk                                0x08000131   Thumb Code     0  entry2.o(.ARM.Collect$$$$00000001)
    _main_scatterload                        0x08000135   Thumb Code     0  entry5.o(.ARM.Collect$$$$00000004)
    __main_after_scatterload                 0x08000139   Thumb Code     0  entry5.o(.ARM.Collect$$$$00000004)
    _main_init                               0x08000139   Thumb Code     0  entry7.o(.ARM.Collect$$$$00000007)
    Reset_Handler                            0x08000145   Thumb Code     8  startup_stm32f10x_xl.o(.text)
    ADC1_2_IRQHandler                        0x0800015f   Thumb Code     0  startup_stm32f10x_xl.o(.text)
    ADC3_IRQHandler                          0x0800015f   Thumb Code     0  startup_stm32f10x_xl.o(.text)
    CAN1_RX1_IRQHandler                      0x0800015f   Thumb Code     0  startup_stm32f10x_xl.o(.text)
    CAN1_SCE_IRQHandler                      0x0800015f   Thumb Code     0  startup_stm32f10x_xl.o(.text)
    DMA1_Channel1_IRQHandler                 0x0800015f   Thumb Code     0  startup_stm32f10x_xl.o(.text)
    DMA1_Channel2_IRQHandler                 0x0800015f   Thumb Code     0  startup_stm32f10x_xl.o(.text)
    DMA1_Channel3_IRQHandler                 0x0800015f   Thumb Code     0  startup_stm32f10x_xl.o(.text)
    DMA1_Channel4_IRQHandler                 0x0800015f   Thumb Code     0  startup_stm32f10x_xl.o(.text)
    DMA1_Channel5_IRQHandler                 0x0800015f   Thumb Code     0  startup_stm32f10x_xl.o(.text)
    DMA1_Channel6_IRQHandler                 0x0800015f   Thumb Code     0  startup_stm32f10x_xl.o(.text)
    DMA1_Channel7_IRQHandler                 0x0800015f   Thumb Code     0  startup_stm32f10x_xl.o(.text)
    DMA2_Channel1_IRQHandler                 0x0800015f   Thumb Code     0  startup_stm32f10x_xl.o(.text)
    DMA2_Channel2_IRQHandler                 0x0800015f   Thumb Code     0  startup_stm32f10x_xl.o(.text)
    DMA2_Channel3_IRQHandler                 0x0800015f   Thumb Code     0  startup_stm32f10x_xl.o(.text)
    DMA2_Channel4_5_IRQHandler               0x0800015f   Thumb Code     0  startup_stm32f10x_xl.o(.text)
    EXTI0_IRQHandler                         0x0800015f   Thumb Code     0  startup_stm32f10x_xl.o(.text)
    EXTI15_10_IRQHandler                     0x0800015f   Thumb Code     0  startup_stm32f10x_xl.o(.text)
    EXTI1_IRQHandler                         0x0800015f   Thumb Code     0  startup_stm32f10x_xl.o(.text)
    EXTI2_IRQHandler                         0x0800015f   Thumb Code     0  startup_stm32f10x_xl.o(.text)
    EXTI3_IRQHandler                         0x0800015f   Thumb Code     0  startup_stm32f10x_xl.o(.text)
    EXTI4_IRQHandler                         0x0800015f   Thumb Code     0  startup_stm32f10x_xl.o(.text)
    EXTI9_5_IRQHandler                       0x0800015f   Thumb Code     0  startup_stm32f10x_xl.o(.text)
    FLASH_IRQHandler                         0x0800015f   Thumb Code     0  startup_stm32f10x_xl.o(.text)
    FSMC_IRQHandler                          0x0800015f   Thumb Code     0  startup_stm32f10x_xl.o(.text)
    I2C1_ER_IRQHandler                       0x0800015f   Thumb Code     0  startup_stm32f10x_xl.o(.text)
    I2C1_EV_IRQHandler                       0x0800015f   Thumb Code     0  startup_stm32f10x_xl.o(.text)
    I2C2_ER_IRQHandler                       0x0800015f   Thumb Code     0  startup_stm32f10x_xl.o(.text)
    I2C2_EV_IRQHandler                       0x0800015f   Thumb Code     0  startup_stm32f10x_xl.o(.text)
    PVD_IRQHandler                           0x0800015f   Thumb Code     0  startup_stm32f10x_xl.o(.text)
    RCC_IRQHandler                           0x0800015f   Thumb Code     0  startup_stm32f10x_xl.o(.text)
    RTCAlarm_IRQHandler                      0x0800015f   Thumb Code     0  startup_stm32f10x_xl.o(.text)
    RTC_IRQHandler                           0x0800015f   Thumb Code     0  startup_stm32f10x_xl.o(.text)
    SDIO_IRQHandler                          0x0800015f   Thumb Code     0  startup_stm32f10x_xl.o(.text)
    SPI1_IRQHandler                          0x0800015f   Thumb Code     0  startup_stm32f10x_xl.o(.text)
    SPI2_IRQHandler                          0x0800015f   Thumb Code     0  startup_stm32f10x_xl.o(.text)
    SPI3_IRQHandler                          0x0800015f   Thumb Code     0  startup_stm32f10x_xl.o(.text)
    TAMPER_IRQHandler                        0x0800015f   Thumb Code     0  startup_stm32f10x_xl.o(.text)
    TIM1_BRK_TIM9_IRQHandler                 0x0800015f   Thumb Code     0  startup_stm32f10x_xl.o(.text)
    TIM1_CC_IRQHandler                       0x0800015f   Thumb Code     0  startup_stm32f10x_xl.o(.text)
    TIM1_TRG_COM_TIM11_IRQHandler            0x0800015f   Thumb Code     0  startup_stm32f10x_xl.o(.text)
    TIM1_UP_TIM10_IRQHandler                 0x0800015f   Thumb Code     0  startup_stm32f10x_xl.o(.text)
    TIM2_IRQHandler                          0x0800015f   Thumb Code     0  startup_stm32f10x_xl.o(.text)
    TIM3_IRQHandler                          0x0800015f   Thumb Code     0  startup_stm32f10x_xl.o(.text)
    TIM4_IRQHandler                          0x0800015f   Thumb Code     0  startup_stm32f10x_xl.o(.text)
    TIM5_IRQHandler                          0x0800015f   Thumb Code     0  startup_stm32f10x_xl.o(.text)
    TIM6_IRQHandler                          0x0800015f   Thumb Code     0  startup_stm32f10x_xl.o(.text)
    TIM7_IRQHandler                          0x0800015f   Thumb Code     0  startup_stm32f10x_xl.o(.text)
    TIM8_BRK_TIM12_IRQHandler                0x0800015f   Thumb Code     0  startup_stm32f10x_xl.o(.text)
    TIM8_CC_IRQHandler                       0x0800015f   Thumb Code     0  startup_stm32f10x_xl.o(.text)
    TIM8_TRG_COM_TIM14_IRQHandler            0x0800015f   Thumb Code     0  startup_stm32f10x_xl.o(.text)
    TIM8_UP_TIM13_IRQHandler                 0x0800015f   Thumb Code     0  startup_stm32f10x_xl.o(.text)
    UART4_IRQHandler                         0x0800015f   Thumb Code     0  startup_stm32f10x_xl.o(.text)
    UART5_IRQHandler                         0x0800015f   Thumb Code     0  startup_stm32f10x_xl.o(.text)
    USART3_IRQHandler                        0x0800015f   Thumb Code     0  startup_stm32f10x_xl.o(.text)
    USBWakeUp_IRQHandler                     0x0800015f   Thumb Code     0  startup_stm32f10x_xl.o(.text)
    USB_HP_CAN1_TX_IRQHandler                0x0800015f   Thumb Code     0  startup_stm32f10x_xl.o(.text)
    USB_LP_CAN1_RX0_IRQHandler               0x0800015f   Thumb Code     0  startup_stm32f10x_xl.o(.text)
    WWDG_IRQHandler                          0x0800015f   Thumb Code     0  startup_stm32f10x_xl.o(.text)
    __scatterload                            0x08000169   Thumb Code    28  init.o(.text)
    __scatterload_rt2                        0x08000169   Thumb Code     0  init.o(.text)
    Buffercmp                                0x0800018d   Thumb Code    34  main.o(i.Buffercmp)
    BusFault_Handler                         0x080001af   Thumb Code     2  stm32f10x_it.o(i.BusFault_Handler)
    DebugMon_Handler                         0x080001b1   Thumb Code     2  stm32f10x_it.o(i.DebugMon_Handler)
    GPIO_Configuration                       0x080001b5   Thumb Code   106  main.o(i.GPIO_Configuration)
    GPIO_Init                                0x08000229   Thumb Code   164  stm32f10x_gpio.o(i.GPIO_Init)
    GPIO_ResetBits                           0x080002cd   Thumb Code     4  stm32f10x_gpio.o(i.GPIO_ResetBits)
    GPIO_SetBits                             0x080002d1   Thumb Code     4  stm32f10x_gpio.o(i.GPIO_SetBits)
    HardFault_Handler                        0x080002d5   Thumb Code     2  stm32f10x_it.o(i.HardFault_Handler)
    MemManage_Handler                        0x080002d7   Thumb Code     2  stm32f10x_it.o(i.MemManage_Handler)
    NMI_Handler                              0x080002d9   Thumb Code     2  stm32f10x_it.o(i.NMI_Handler)
    NVIC_Configuration                       0x080002db   Thumb Code    56  main.o(i.NVIC_Configuration)
    NVIC_Init                                0x08000313   Thumb Code    92  misc.o(i.NVIC_Init)
    NVIC_PriorityGroupConfig                 0x08000371   Thumb Code    10  misc.o(i.NVIC_PriorityGroupConfig)
    PendSV_Handler                           0x08000385   Thumb Code     2  stm32f10x_it.o(i.PendSV_Handler)
    RCC_APB1PeriphClockCmd                   0x08000389   Thumb Code    18  stm32f10x_rcc.o(i.RCC_APB1PeriphClockCmd)
    RCC_APB2PeriphClockCmd                   0x080003a1   Thumb Code    18  stm32f10x_rcc.o(i.RCC_APB2PeriphClockCmd)
    RCC_Configuration                        0x080003b9   Thumb Code    38  main.o(i.RCC_Configuration)
    RCC_GetClocksFreq                        0x080003e1   Thumb Code   136  stm32f10x_rcc.o(i.RCC_GetClocksFreq)
    SVC_Handler                              0x08000479   Thumb Code     2  stm32f10x_it.o(i.SVC_Handler)
    SysTick_Handler                          0x0800050d   Thumb Code     2  stm32f10x_it.o(i.SysTick_Handler)
    SystemInit                               0x08000511   Thumb Code    52  system_stm32f10x.o(i.SystemInit)
    USART1_IRQHandler                        0x08000551   Thumb Code   122  stm32f10x_it.o(i.USART1_IRQHandler)
    USART2_IRQHandler                        0x080005e9   Thumb Code   122  stm32f10x_it.o(i.USART2_IRQHandler)
    USART_Cmd                                0x08000681   Thumb Code    20  stm32f10x_usart.o(i.USART_Cmd)
    USART_GetITStatus                        0x08000695   Thumb Code    62  stm32f10x_usart.o(i.USART_GetITStatus)
    USART_ITConfig                           0x080006d3   Thumb Code    48  stm32f10x_usart.o(i.USART_ITConfig)
    USART_Init                               0x08000705   Thumb Code   176  stm32f10x_usart.o(i.USART_Init)
    USART_ReceiveData                        0x080007b9   Thumb Code     8  stm32f10x_usart.o(i.USART_ReceiveData)
    USART_SendData                           0x080007c1   Thumb Code     8  stm32f10x_usart.o(i.USART_SendData)
    UsageFault_Handler                       0x080007c9   Thumb Code     2  stm32f10x_it.o(i.UsageFault_Handler)
    __scatterload_copy                       0x080007cb   Thumb Code    14  handlers.o(i.__scatterload_copy)
    __scatterload_null                       0x080007d9   Thumb Code     2  handlers.o(i.__scatterload_null)
    __scatterload_zeroinit                   0x080007db   Thumb Code    14  handlers.o(i.__scatterload_zeroinit)
    main                                     0x080007e9   Thumb Code   224  main.o(i.main)
    Region$$Table$$Base                      0x080008dc   Number         0  anon$$obj.o(Region$$Table)
    Region$$Table$$Limit                     0x080008fc   Number         0  anon$$obj.o(Region$$Table)
    RxCounter1                               0x20000000   Data           1  main.o(.data)
    RxCounter2                               0x20000001   Data           1  main.o(.data)
    TransferStatus1                          0x20000002   Data           1  main.o(.data)
    TransferStatus2                          0x20000003   Data           1  main.o(.data)
    TxBuffer1                                0x20000004   Data          44  main.o(.data)
    TxBuffer2                                0x20000030   Data          44  main.o(.data)
    TxCounter1                               0x2000005c   Data           1  main.o(.data)
    TxCounter2                               0x2000005d   Data           1  main.o(.data)
    NbrOfDataToTransfer1                     0x2000005e   Data           1  main.o(.data)
    NbrOfDataToTransfer2                     0x2000005f   Data           1  main.o(.data)
    NbrOfDataToRead1                         0x20000060   Data           1  main.o(.data)
    USART_InitStructure                      0x20000078   Data          16  main.o(.bss)
    RxBuffer1                                0x20000088   Data          43  main.o(.bss)
    RxBuffer2                                0x200000b3   Data          43  main.o(.bss)
    __initial_sp                             0x200004e0   Data           0  startup_stm32f10x_xl.o(STACK)



==============================================================================

Memory Map of the image

  Image Entry point : 0x08000131

  Load Region LR_IROM1 (Base: 0x08000000, Size: 0x00000974, Max: 0x00080000, ABSOLUTE)

    Execution Region ER_IROM1 (Base: 0x08000000, Size: 0x000008fc, Max: 0x00080000, ABSOLUTE)

    Base Addr    Size         Type   Attr      Idx    E Section Name        Object

    0x08000000   0x00000130   Data   RO         1708    RESET               startup_stm32f10x_xl.o
    0x08000130   0x00000000   Code   RO         1713  * .ARM.Collect$$$$00000000  mc_w.l(entry.o)(mc_w.l)
    0x08000130   0x00000004   Code   RO         1716    .ARM.Collect$$$$00000001  mc_w.l(entry2.o)(mc_w.l)
    0x08000134   0x00000004   Code   RO         1719    .ARM.Collect$$$$00000004  mc_w.l(entry5.o)(mc_w.l)
    0x08000138   0x00000008   Code   RO         1720    .ARM.Collect$$$$00000007  mc_w.l(entry7.o)(mc_w.l)
    0x08000140   0x00000004   Code   RO         1717    .ARM.Collect$$$$00002712  mc_w.l(entry2.o)(mc_w.l)
    0x08000144   0x00000024   Code   RO         1709    .text               startup_stm32f10x_xl.o
    0x08000168   0x00000024   Code   RO         1721    .text               mc_w.l(init.o)(mc_w.l)
    0x0800018c   0x00000022   Code   RO          111    i.Buffercmp         main.o
    0x080001ae   0x00000002   Code   RO            1    i.BusFault_Handler  stm32f10x_it.o
    0x080001b0   0x00000002   Code   RO            2    i.DebugMon_Handler  stm32f10x_it.o
    0x080001b2   0x00000002   PAD
    0x080001b4   0x00000074   Code   RO          112    i.GPIO_Configuration  main.o
    0x08000228   0x000000a4   Code   RO          411    i.GPIO_Init         stm32f10x_gpio.o
    0x080002cc   0x00000004   Code   RO          418    i.GPIO_ResetBits    stm32f10x_gpio.o
    0x080002d0   0x00000004   Code   RO          419    i.GPIO_SetBits      stm32f10x_gpio.o
    0x080002d4   0x00000002   Code   RO            3    i.HardFault_Handler  stm32f10x_it.o
    0x080002d6   0x00000002   Code   RO            4    i.MemManage_Handler  stm32f10x_it.o
    0x080002d8   0x00000002   Code   RO            5    i.NMI_Handler       stm32f10x_it.o
    0x080002da   0x00000038   Code   RO          113    i.NVIC_Configuration  main.o
    0x08000312   0x0000005c   Code   RO          525    i.NVIC_Init         misc.o
    0x0800036e   0x00000002   PAD
    0x08000370   0x00000014   Code   RO          526    i.NVIC_PriorityGroupConfig  misc.o
    0x08000384   0x00000002   Code   RO            6    i.PendSV_Handler    stm32f10x_it.o
    0x08000386   0x00000002   PAD
    0x08000388   0x00000018   Code   RO          188    i.RCC_APB1PeriphClockCmd  stm32f10x_rcc.o
    0x080003a0   0x00000018   Code   RO          190    i.RCC_APB2PeriphClockCmd  stm32f10x_rcc.o
    0x080003b8   0x00000026   Code   RO          114    i.RCC_Configuration  main.o
    0x080003de   0x00000002   PAD
    0x080003e0   0x00000098   Code   RO          198    i.RCC_GetClocksFreq  stm32f10x_rcc.o
    0x08000478   0x00000002   Code   RO            7    i.SVC_Handler       stm32f10x_it.o
    0x0800047a   0x00000002   PAD
    0x0800047c   0x00000090   Code   RO         1544    i.SetSysClockTo72   system_stm32f10x.o
    0x0800050c   0x00000002   Code   RO            8    i.SysTick_Handler   stm32f10x_it.o
    0x0800050e   0x00000002   PAD
    0x08000510   0x00000040   Code   RO         1546    i.SystemInit        system_stm32f10x.o
    0x08000550   0x00000098   Code   RO            9    i.USART1_IRQHandler  stm32f10x_it.o
    0x080005e8   0x00000098   Code   RO           10    i.USART2_IRQHandler  stm32f10x_it.o
    0x08000680   0x00000014   Code   RO          895    i.USART_Cmd         stm32f10x_usart.o
    0x08000694   0x0000003e   Code   RO          899    i.USART_GetITStatus  stm32f10x_usart.o
    0x080006d2   0x00000030   Code   RO          901    i.USART_ITConfig    stm32f10x_usart.o
    0x08000702   0x00000002   PAD
    0x08000704   0x000000b4   Code   RO          902    i.USART_Init        stm32f10x_usart.o
    0x080007b8   0x00000008   Code   RO          909    i.USART_ReceiveData  stm32f10x_usart.o
    0x080007c0   0x00000008   Code   RO          912    i.USART_SendData    stm32f10x_usart.o
    0x080007c8   0x00000002   Code   RO           11    i.UsageFault_Handler  stm32f10x_it.o
    0x080007ca   0x0000000e   Code   RO         1725    i.__scatterload_copy  mc_w.l(handlers.o)(mc_w.l)
    0x080007d8   0x00000002   Code   RO         1726    i.__scatterload_null  mc_w.l(handlers.o)(mc_w.l)
    0x080007da   0x0000000e   Code   RO         1727    i.__scatterload_zeroinit  mc_w.l(handlers.o)(mc_w.l)
    0x080007e8   0x000000f4   Code   RO          115    i.main              main.o
    0x080008dc   0x00000020   Data   RO         1723    Region$$Table       anon$$obj.o


    Execution Region RW_IRAM1 (Base: 0x20000000, Size: 0x000004e0, Max: 0x00010000, ABSOLUTE)

    Base Addr    Size         Type   Attr      Idx    E Section Name        Object

    0x20000000   0x0000005c   Data   RW          117    .data               main.o
    0x2000005c   0x00000001   Data   RW          118    .data               main.o
    0x2000005d   0x00000001   Data   RW          119    .data               main.o
    0x2000005e   0x00000001   Data   RW          120    .data               main.o
    0x2000005f   0x00000001   Data   RW          121    .data               main.o
    0x20000060   0x00000001   Data   RW          122    .data               main.o
    0x20000061   0x00000014   Data   RW          218    .data               stm32f10x_rcc.o
    0x20000075   0x00000003   PAD
    0x20000078   0x00000066   Zero   RW          116    .bss                main.o
    0x200000de   0x00000002   PAD
    0x200000e0   0x00000400   Zero   RW         1706    STACK               startup_stm32f10x_xl.o


==============================================================================

Image component sizes


      Code (inc. data)   RO Data    RW Data    ZI Data      Debug   Object Name

         0          0          0          0          0          0   core_cm3.o
       488         30          0         97        102          0   main.o
       112         10          0          0          0          0   misc.o
        36          8        304          0       1024          0   startup_stm32f10x_xl.o
       172          0          0          0          0          0   stm32f10x_gpio.o
       322         60          0          0          0          0   stm32f10x_it.o
       200         28          0         20          0          0   stm32f10x_rcc.o
       326          4          0          0          0          0   stm32f10x_usart.o
       208         20          0          0          0          0   system_stm32f10x.o

    ----------------------------------------------------------------------
      1878        160        336        120       1128          0   Object Totals
         0          0         32          0          0          0   (incl. Generated)
        14          0          0          3          2          1   (incl. Padding)

    ----------------------------------------------------------------------

      Code (inc. data)   RO Data    RW Data    ZI Data      Debug   Library Member Name

         0          0          0          0          0          0   entry.o
         8          4          0          0          0          0   entry2.o
         4          0          0          0          0          0   entry5.o
         8          4          0          0          0          0   entry7.o
        30          0          0          0          0          0   handlers.o
        36          8          0          0          0          0   init.o

    ----------------------------------------------------------------------
        86         16          0          0          0          0   Library Totals
         0          0          0          0          0          0   (incl. Padding)

    ----------------------------------------------------------------------

      Code (inc. data)   RO Data    RW Data    ZI Data      Debug   Library Name

        86         16          0          0          0         68   mc_w.l

    ----------------------------------------------------------------------
        86         16          0          0          0          0   Library Totals

    ----------------------------------------------------------------------

==============================================================================


      Code (inc. data)   RO Data    RW Data    ZI Data      Debug   

      1964        176        336        120       1128     487532   Grand Totals
      1964        176        336        120       1128     487532   ELF Image Totals
      1964        176        336        120          0          0   ROM Totals

==============================================================================

    Total RO  Size (Code + RO Data)                 2300 (   2.25kB)
    Total RW  Size (RW Data + ZI Data)              1248 (   1.22kB)
    Total ROM Size (Code + RO Data + RW Data)       2420 (   2.36kB)

==============================================================================

